============================= test session starts =============================
platform win32 -- Python 3.14.0, pytest-9.0.2, pluggy-1.6.0
rootdir: C:\AI\keiracom-saas
plugins: anyio-4.12.0
collected 2 items / 1 error

=================================== ERRORS ====================================
_____________________ ERROR collecting tests/test_main.py _____________________
ImportError while importing test module 'C:\AI\keiracom-saas\tests\test_main.py'.
Hint: make sure your test modules/packages have valid Python names.
Traceback:
C:\Python314\Lib\importlib\__init__.py:88: in import_module
    return _bootstrap._gcd_import(name[level:], package, level)
           ^^^^^^^^^^^^^^^^^^^^^^^^^^^^^^^^^^^^^^^^^^^^^^^^^^^^
tests\test_main.py:2: in <module>
    from main import app
main.py:11: in <module>
    from src.api.ipo_routes import router as ipo_router
src\api\ipo_routes.py:6: in <module>
    from src.utils.db import get_session
E   ImportError: cannot import name 'get_session' from 'src.utils.db' (C:\AI\keiracom-saas\src\utils\db.py)
------------------------------- Captured stdout -------------------------------
Mock flow 'revenue_shield_flow' loaded.
Mock flow 'freshness_attack_flow' loaded.
Mock flow 'strike_distance_flow' loaded.
Mock flow 'authority_architect_flow' loaded.
Mock flow 'cannibalization_resolver_flow' loaded.
Mock flow 'serp_heist_flow' loaded.
============================== warnings summary ===============================
src\api\project_routes.py:26
  C:\AI\keiracom-saas\src\api\project_routes.py:26: PydanticDeprecatedSince20: Using extra keyword arguments on `Field` is deprecated and will be removed. Use `json_schema_extra` instead. (Extra keys: 'example'). Deprecated in Pydantic V2.0 to be removed in V3.0. See Pydantic V2 Migration Guide at https://errors.pydantic.dev/2.12/migration/
    domain: str = Field(..., description="The full domain name of the project.", example="example.com")

src\api\project_routes.py:27
  C:\AI\keiracom-saas\src\api\project_routes.py:27: PydanticDeprecatedSince20: Using extra keyword arguments on `Field` is deprecated and will be removed. Use `json_schema_extra` instead. (Extra keys: 'example'). Deprecated in Pydantic V2.0 to be removed in V3.0. See Pydantic V2 Migration Guide at https://errors.pydantic.dev/2.12/migration/
    project_mode: Literal['local', 'global'] = Field(..., description="The project's operational mode.", example="global")

src\api\project_routes.py:24
  C:\AI\keiracom-saas\src\api\project_routes.py:24: PydanticDeprecatedSince20: Support for class-based `config` is deprecated, use ConfigDict instead. Deprecated in Pydantic V2.0 to be removed in V3.0. See Pydantic V2 Migration Guide at https://errors.pydantic.dev/2.12/migration/
    class ProjectIn(BaseModel):

..\..\Users\dvids\AppData\Roaming\Python\Python314\site-packages\pydantic\_internal\_config.py:383
  C:\Users\dvids\AppData\Roaming\Python\Python314\site-packages\pydantic\_internal\_config.py:383: UserWarning: Valid config keys have changed in V2:
  * 'orm_mode' has been renamed to 'from_attributes'
    warnings.warn(message, UserWarning)

src\api\project_routes.py:34
  C:\AI\keiracom-saas\src\api\project_routes.py:34: PydanticDeprecatedSince20: Using extra keyword arguments on `Field` is deprecated and will be removed. Use `json_schema_extra` instead. (Extra keys: 'example'). Deprecated in Pydantic V2.0 to be removed in V3.0. See Pydantic V2 Migration Guide at https://errors.pydantic.dev/2.12/migration/
    id: int = Field(..., description="The unique identifier of the project.", example=1)

src\api\project_routes.py:35
  C:\AI\keiracom-saas\src\api\project_routes.py:35: PydanticDeprecatedSince20: Using extra keyword arguments on `Field` is deprecated and will be removed. Use `json_schema_extra` instead. (Extra keys: 'example'). Deprecated in Pydantic V2.0 to be removed in V3.0. See Pydantic V2 Migration Guide at https://errors.pydantic.dev/2.12/migration/
    da_score: Optional[float] = Field(None, description="The Domain Authority score, if available.", example=35.5)

src\api\project_routes.py:32
  C:\AI\keiracom-saas\src\api\project_routes.py:32: PydanticDeprecatedSince20: Support for class-based `config` is deprecated, use ConfigDict instead. Deprecated in Pydantic V2.0 to be removed in V3.0. See Pydantic V2 Migration Guide at https://errors.pydantic.dev/2.12/migration/
    class ProjectOut(ProjectIn):

-- Docs: https://docs.pytest.org/en/stable/how-to/capture-warnings.html
=========================== short test summary info ===========================
ERROR tests/test_main.py
!!!!!!!!!!!!!!!!!!! Interrupted: 1 error during collection !!!!!!!!!!!!!!!!!!!!
======================== 7 warnings, 1 error in 3.46s =========================
